[36mvite v5.4.10 [32mbuilding for production...[36m[39m
transforming...
[32m✓[39m 3 modules transformed.
[31mx[39m Build failed in 421ms
[31merror during build:
[31m[vite-plugin-pwa:build] Transform failed with 1 error:
C:/Users/vsuga/Desktop/Desenvolvimento/clubedasbrabas-main/clubedasbrabas-main/src/App.tsx:322:20: ERROR: Unexpected ">"[31m
file: [36mC:/Users/vsuga/Desktop/Desenvolvimento/clubedasbrabas-main/clubedasbrabas-main/src/App.tsx:322:20[31m
[33m
[33mUnexpected ">"[33m
320|        <Route path="*" element={<NotFound />} />
321|      </Routes>
322|      <InstallPrompt />
   |                      ^
323|    );
324|  };
[31m
    at failureErrorWithLog (C:\Users\vsuga\Desktop\Desenvolvimento\clubedasbrabas-main\clubedasbrabas-main\node_modules\esbuild\lib\main.js:1472:15)
    at C:\Users\vsuga\Desktop\Desenvolvimento\clubedasbrabas-main\clubedasbrabas-main\node_modules\esbuild\lib\main.js:755:50
    at responseCallbacks.<computed> (C:\Users\vsuga\Desktop\Desenvolvimento\clubedasbrabas-main\clubedasbrabas-main\node_modules\esbuild\lib\main.js:622:9)
    at handleIncomingPacket (C:\Users\vsuga\Desktop\Desenvolvimento\clubedasbrabas-main\clubedasbrabas-main\node_modules\esbuild\lib\main.js:677:12)
    at Socket.readFromStdout (C:\Users\vsuga\Desktop\Desenvolvimento\clubedasbrabas-main\clubedasbrabas-main\node_modules\esbuild\lib\main.js:600:7)
    at Socket.emit (node:events:519:28)
    at addChunk (node:internal/streams/readable:561:12)
    at readableAddChunkPushByteMode (node:internal/streams/readable:512:3)
    at Readable.push (node:internal/streams/readable:392:5)
    at Pipe.onStreamRead (node:internal/stream_base_commons:189:23)[39m
